<?xml version="1.0" encoding="utf-8"?><testsuites name="pytest tests"><testsuite name="pytest" errors="0" failures="0" skipped="0" tests="490" time="202.790" timestamp="2026-08-23T11:30:20.730695-04:00" hostname="DESKTOP-8V7RA5K"><testcase classname="tests.test_certification_evidence" name="test_injected_sha_bypass_detected" time="0.045" /><testcase classname="tests.test_certification_evidence" name="test_clean_authenticator_zero_bypasses" time="0.016" /><testcase classname="tests.test_certification_evidence" name="test_fake_production_fingerprint_fails" time="0.016" /><testcase classname="tests.test_certification_evidence" name="test_test_key_leak_to_production_fails" time="0.002" /><testcase classname="tests.test_certification_evidence" name="test_reconcile_missing_execution_queue_fail_closed" time="0.016" /><testcase classname="tests.test_certification_evidence" name="test_reconcile_missing_consumed_ledger_fail_closed" time="0.016" /><testcase classname="tests.test_certification_evidence" name="test_reconcile_missing_ack_source_fail_closed" time="0.018" /><testcase classname="tests.test_certification_evidence" name="test_reconcile_corrupted_execution_queue_fail_closed" time="0.015" /><testcase classname="tests.test_certification_evidence" name="test_reconcile_corrupted_consumed_ledger_fail_closed" time="0.027" /><testcase classname="tests.test_certification_evidence" name="test_reconcile_complete_consistent_fixture" time="0.031" /><testcase classname="tests.test_certification_evidence" name="test_reconcile_queued_not_counted_as_executed" time="0.057" /><testcase classname="tests.test_certification_evidence" name="test_reconcile_rejected_not_counted_as_executed" time="0.021" /><testcase classname="tests.test_certification_evidence" name="test_reconcile_explicitly_executed_read_only" time="0.048" /><testcase classname="tests.test_certification_evidence" name="test_reconcile_explicitly_executed_mutating" time="0.048" /><testcase classname="tests.test_certification_evidence" name="test_block1_1_valid_lifecycle_progression" time="0.025" /><testcase classname="tests.test_certification_evidence" name="test_block1_1_executed_vs_ack_rejected_contradiction" time="0.020" /><testcase classname="tests.test_certification_evidence" name="test_block1_1_consumed_rejected_vs_ack_executed_contradiction" time="0.026" /><testcase classname="tests.test_certification_evidence" name="test_block1_1_pre_execution_lifecycle_progression" time="0.024" /><testcase classname="tests.test_certification_evidence" name="test_block1_1_completed_vs_failed_terminal_contradiction" time="0.048" /><testcase classname="tests.test_certification_evidence" name="test_critical_evidence_unavailable_cannot_pass" time="0.009" /><testcase classname="tests.test_certification_evidence" name="test_stale_crypto_evidence_rejected" time="0.001" /><testcase classname="tests.test_certification_evidence" name="test_certification_run_id_mismatch_rejected" time="0.001" /><testcase classname="tests.test_certification_evidence" name="test_empty_production_allowlist_rejected" time="0.001" /><testcase classname="tests.test_certification_evidence" name="test_public_key_fingerprint_mismatch_rejected" time="0.001" /><testcase classname="tests.test_certification_evidence" name="test_evidence_from_previous_run_rejected" time="0.003" /><testcase classname="tests.test_certification_evidence" name="test_block2_ast_scanner_detects_injected_variable_assignment" time="0.009" /><testcase classname="tests.test_certification_evidence" name="test_block2_ast_scanner_detects_injected_remote_fail_closed" time="0.043" /><testcase classname="tests.test_certification_evidence" name="test_block2_ast_scanner_detects_injected_dict_literal" time="0.011" /><testcase classname="tests.test_certification_evidence" name="test_block2_ast_scanner_allows_computed_assignment" time="0.032" /><testcase classname="tests.test_certification_evidence" name="test_block2_ast_scanner_allows_computed_dict_entry" time="0.011" /><testcase classname="tests.test_certification_evidence" name="test_block2_derive_security_gates_missing_queue_test" time="0.001" /><testcase classname="tests.test_certification_evidence" name="test_block2_derive_security_gates_missing_remote_test" time="0.001" /><testcase classname="tests.test_certification_evidence" name="test_real_generator_ast_scan_passes" time="0.041" /><testcase classname="tests.test_certification_evidence" name="test_block2_1_backend_hardcoded_assignment_detected" time="0.010" /><testcase classname="tests.test_certification_evidence" name="test_block2_1_backend_get_without_default_allowed" time="0.010" /><testcase classname="tests.test_certification_evidence" name="test_block2_1_backend_get_with_unsafe_default_detected" time="0.010" /><testcase classname="tests.test_certification_evidence" name="test_block2_1_malformed_inbox_alone_does_not_verify_queue_corruption" time="0.001" /><testcase classname="tests.test_certification_evidence" name="test_block2_1_real_queue_corruption_test_verifies_gate" time="0.001" /><testcase classname="tests.test_certification_evidence" name="test_block2_1_queue_replay_consistency_alone_does_not_verify_readback" time="0.001" /><testcase classname="tests.test_certification_evidence" name="test_block2_1_fsync_and_restart_integrity_verifies_readback" time="0.001" /><testcase classname="tests.test_certification_evidence" name="test_block2_2_missing_backend_rejected" time="0.001" /><testcase classname="tests.test_certification_evidence" name="test_block2_2_empty_backend_rejected" time="0.001" /><testcase classname="tests.test_certification_evidence" name="test_block2_2_unknown_backend_rejected" time="0.009" /><testcase classname="tests.test_certification_evidence" name="test_block2_2_ssh_backend_accepted" time="0.001" /><testcase classname="tests.test_certification_evidence" name="test_block2_2_unsupported_backend_rejected" time="0.001" /><testcase classname="tests.test_certification_evidence" name="test_block2_2_missing_backend_fails_certification" time="0.001" /><testcase classname="tests.test_certification_evidence" name="test_block2_3_ssh_real_backend_init_succeeds" time="0.061" /><testcase classname="tests.test_certification_evidence" name="test_block2_3_unavailable_backend_executable_fails_closed" time="0.002" /><testcase classname="tests.test_certification_evidence" name="test_block2_3_initialization_exception_fails_closed" time="0.001" /><testcase classname="tests.test_certification_evidence" name="test_block2_3_malformed_key_fails" time="0.002" /><testcase classname="tests.test_certification_evidence" name="test_block2_3_unauthorized_key_fails" time="0.002" /><testcase classname="tests.test_certification_evidence" name="test_block2_3_authorized_key_succeeds" time="0.002" /><testcase classname="tests.test_certification_evidence" name="test_block2_3_valid_signature_exact_target_accepted" time="0.001" /><testcase classname="tests.test_certification_evidence" name="test_block2_3_modified_target_rejected" time="0.002" /><testcase classname="tests.test_certification_evidence" name="test_block2_3_wrong_commit_rejected" time="0.002" /><testcase classname="tests.test_certification_evidence" name="test_block2_3_failed_crypto_verification_cannot_pass" time="0.001" /><testcase classname="tests.test_certification_evidence" name="test_block2_3_mocked_verification_cannot_generate_real_backend_evidence" time="0.001" /><testcase classname="tests.test_certification_evidence" name="test_block2_3_indeterminate_backend_result_fails_closed" time="0.001" /><testcase classname="tests.test_certification_evidence" name="test_block2_3_critical_gate_fails_if_backend_not_initialized" time="0.001" /><testcase classname="tests.test_certification_evidence" name="test_block2_3_critical_gate_fails_if_crypto_verification_not_executed" time="0.001" /><testcase classname="tests.test_certification_evidence" name="test_block2_3_complete_valid_real_path_reaches_pass" time="0.003" /><testcase classname="tests.test_certification_evidence" name="test_block2_4_valid_ingestion_and_unchanged_pre_exec_succeeds" time="0.002" /><testcase classname="tests.test_certification_evidence" name="test_block2_4_force_push_after_ingestion_fails" time="0.001" /><testcase classname="tests.test_certification_evidence" name="test_block2_4_commit_removed_from_history_fails" time="0.001" /><testcase classname="tests.test_certification_evidence" name="test_block2_4_remote_history_rewrite_fails" time="0.001" /><testcase classname="tests.test_certification_evidence" name="test_block2_4_payload_modification_after_ingestion_fails" time="0.002" /><testcase classname="tests.test_certification_evidence" name="test_block2_4_blob_substitution_fails" time="0.002" /><testcase classname="tests.test_certification_evidence" name="test_block2_4_commit_substitution_fails" time="0.002" /><testcase classname="tests.test_certification_evidence" name="test_block2_4_signer_revoked_after_ingestion_fails" time="0.001" /><testcase classname="tests.test_certification_evidence" name="test_block2_4_signature_altered_after_ingestion_fails" time="0.001" /><testcase classname="tests.test_certification_evidence" name="test_block2_4_stale_cached_remote_ref_cannot_satisfy" time="0.002" /><testcase classname="tests.test_certification_evidence" name="test_block2_4_fresh_fetch_failure_fails_closed" time="0.002" /><testcase classname="tests.test_certification_evidence" name="test_block2_4_unresolved_remote_head_fails_closed" time="0.001" /><testcase classname="tests.test_certification_evidence" name="test_block2_4_ancestry_indeterminate_fails_closed" time="0.001" /><testcase classname="tests.test_certification_evidence" name="test_block2_4_fast_forward_preserving_commit_succeeds" time="0.005" /><testcase classname="tests.test_certification_evidence" name="test_block2_4_valid_commit_different_payload_fails" time="0.001" /><testcase classname="tests.test_certification_evidence" name="test_block2_4_cached_crypto_pass_cannot_bypass_revalidation" time="0.001" /><testcase classname="tests.test_certification_evidence" name="test_block2_4_stale_authorization_object_fails" time="0.003" /><testcase classname="tests.test_certification_evidence" name="test_block2_4_complete_two_phase_path_reaches_pass" time="0.002" /><testcase classname="tests.test_certification_evidence" name="test_block2_5_valid_trusted_branch_declaration_succeeds" time="0.001" /><testcase classname="tests.test_certification_evidence" name="test_block2_5_missing_trusted_branch_rejected" time="0.001" /><testcase classname="tests.test_certification_evidence" name="test_block2_5_unknown_trusted_branch_rejected" time="0.001" /><testcase classname="tests.test_certification_evidence" name="test_block2_5_ambiguous_trusted_branch_rejected" time="0.003" /><testcase classname="tests.test_certification_evidence" name="test_block2_5_unprotected_trusted_branch_fails_governance" time="0.001" /><testcase classname="tests.test_certification_evidence" name="test_block2_5_force_push_allowed_fails_governance" time="0.001" /><testcase classname="tests.test_certification_evidence" name="test_block2_5_branch_deletion_allowed_fails_governance" time="0.002" /><testcase classname="tests.test_certification_evidence" name="test_block2_5_unrestricted_direct_push_fails_governance" time="0.005" /><testcase classname="tests.test_certification_evidence" name="test_block2_5_governance_ruleset_unavailable_fails" time="0.001" /><testcase classname="tests.test_certification_evidence" name="test_block2_5_admin_bypass_allowed_fails_governance" time="0.002" /><testcase classname="tests.test_certification_evidence" name="test_block2_5_missing_required_review_fails_governance" time="0.001" /><testcase classname="tests.test_certification_evidence" name="test_block2_5_missing_required_status_checks_fails_governance" time="0.002" /><testcase classname="tests.test_certification_evidence" name="test_block2_5_unsigned_trusted_head_fails_provenance" time="0.004" /><testcase classname="tests.test_certification_evidence" name="test_block2_5_stale_governance_evidence_rejected" time="0.001" /><testcase classname="tests.test_certification_evidence" name="test_block2_5_complete_governance_and_provenance_reaches_pass" time="0.001" /><testcase classname="tests.test_certification_evidence" name="test_block2_5_ungoverned_direct_push_event_fails_compliance" time="0.005" /><testcase classname="tests.test_certification_evidence" name="test_block2_5r_historical_violation_remains_recorded" time="0.009" /><testcase classname="tests.test_certification_evidence" name="test_block2_5r_remediation_branch_cannot_be_main" time="0.001" /><testcase classname="tests.test_certification_evidence" name="test_block2_5r_unprotected_main_fails_certification" time="0.001" /><testcase classname="tests.test_certification_evidence" name="test_block2_5r_pr_requirement_missing_fails" time="0.002" /><testcase classname="tests.test_certification_evidence" name="test_block2_5r_review_requirement_missing_fails" time="0.002" /><testcase classname="tests.test_certification_evidence" name="test_block2_5r_required_checks_missing_fails" time="0.001" /><testcase classname="tests.test_certification_evidence" name="test_block2_5r_force_push_allowed_fails" time="0.001" /><testcase classname="tests.test_certification_evidence" name="test_block2_5r_branch_deletion_allowed_fails" time="0.001" /><testcase classname="tests.test_certification_evidence" name="test_block2_5r_admin_unrestricted_bypass_fails" time="0.001" /><testcase classname="tests.test_certification_evidence" name="test_block2_5r_uncontrolled_direct_push_fails" time="0.001" /><testcase classname="tests.test_certification_evidence" name="test_block2_5r_stale_governance_evidence_fails" time="0.001" /><testcase classname="tests.test_certification_evidence" name="test_block2_5r_unknown_remote_governance_state_fails" time="0.001" /><testcase classname="tests.test_certification_evidence" name="test_block2_5r_governed_pr_path_succeeds" time="0.001" /><testcase classname="tests.test_certification_evidence" name="test_block2_5r_trusted_head_not_produced_by_governed_path_fails" time="0.001" /><testcase classname="tests.test_certification_evidence" name="test_block2_5r_complete_remediated_flow_reaches_strict_pass" time="0.013" /><testcase classname="tests.test_certification_evidence" name="test_block2_6_deterministic_directive_identity" time="0.001" /><testcase classname="tests.test_certification_evidence" name="test_block2_6_payload_mutation_changes_identity" time="0.002" /><testcase classname="tests.test_certification_evidence" name="test_block2_6_duplicate_directive_rejected" time="0.014" /><testcase classname="tests.test_certification_evidence" name="test_block2_6_completed_replay_rejected" time="0.143" /><testcase classname="tests.test_certification_evidence" name="test_block2_6_restart_replay_rejected" time="0.251" /><testcase classname="tests.test_certification_evidence" name="test_block2_6_concurrent_double_claim_rejected" time="0.052" /><testcase classname="tests.test_certification_evidence" name="test_block2_6_only_one_worker_obtains_execution_claim" time="0.063" /><testcase classname="tests.test_certification_evidence" name="test_block2_6_queue_survives_restart" time="0.036" /><testcase classname="tests.test_certification_evidence" name="test_block2_6_corrupted_queue_fails_closed" time="0.034" /><testcase classname="tests.test_certification_evidence" name="test_block2_6_payload_changed_while_queued_fails" time="0.052" /><testcase classname="tests.test_certification_evidence" name="test_block2_6_commit_substitution_while_queued_fails" time="0.005" /><testcase classname="tests.test_certification_evidence" name="test_block2_6_signer_substitution_while_queued_fails" time="0.008" /><testcase classname="tests.test_certification_evidence" name="test_block2_6_crash_before_claim_recovers_safely" time="0.044" /><testcase classname="tests.test_certification_evidence" name="test_block2_6_crash_after_claim_does_not_double_dispatch" time="0.139" /><testcase classname="tests.test_certification_evidence" name="test_block2_6_crash_immediately_before_dispatch_remains_safe" time="0.099" /><testcase classname="tests.test_certification_evidence" name="test_block2_6_indeterminate_execution_cannot_auto_retry" time="0.080" /><testcase classname="tests.test_certification_evidence" name="test_block2_6_completed_terminal_state_survives_restart" time="0.206" /><testcase classname="tests.test_certification_evidence" name="test_block2_6_waiting_human_survives_restart" time="0.106" /><testcase classname="tests.test_certification_evidence" name="test_block2_6_waiting_human_cannot_auto_execute" time="0.098" /><testcase classname="tests.test_certification_evidence" name="test_block2_6_approval_for_wrong_directive_rejected" time="0.006" /><testcase classname="tests.test_certification_evidence" name="test_block2_6_approval_requires_fresh_pre_exec_revalidation" time="0.169" /><testcase classname="tests.test_certification_evidence" name="test_block2_6_completed_to_queued_transition_rejected" time="0.146" /><testcase classname="tests.test_certification_evidence" name="test_block2_6_broken_audit_chain_detection" time="0.078" /><testcase classname="tests.test_certification_evidence" name="test_block2_6_stale_execution_lock_handled_fail_closed" time="0.034" /><testcase classname="tests.test_certification_evidence" name="test_block2_6_complete_legitimate_lifecycle_reaches_terminal_completion_exactly_once" time="0.189" /><testcase classname="tests.test_certification_evidence" name="test_block2_7_allowed_capability_succeeds" time="0.008" /><testcase classname="tests.test_certification_evidence" name="test_block2_7_unknown_capability_rejected" time="0.006" /><testcase classname="tests.test_certification_evidence" name="test_block2_7_wildcard_capability_rejected" time="0.008" /><testcase classname="tests.test_certification_evidence" name="test_block2_7_valid_signature_forbidden_action_rejected" time="0.008" /><testcase classname="tests.test_certification_evidence" name="test_block2_7_arbitrary_shell_command_rejected" time="0.016" /><testcase classname="tests.test_certification_evidence" name="test_block2_7_shell_injection_attempt_rejected" time="0.008" /><testcase classname="tests.test_certification_evidence" name="test_block2_7_unknown_parameter_rejected" time="0.007" /><testcase classname="tests.test_certification_evidence" name="test_block2_7_invalid_parameter_type_rejected" time="0.007" /><testcase classname="tests.test_certification_evidence" name="test_block2_7_path_traversal_rejected" time="0.014" /><testcase classname="tests.test_certification_evidence" name="test_block2_7_symlink_escape_rejected" time="0.006" /><testcase classname="tests.test_certification_evidence" name="test_block2_7_unauthorized_repository_rejected" time="0.008" /><testcase classname="tests.test_certification_evidence" name="test_block2_7_unauthorized_branch_rejected" time="0.007" /><testcase classname="tests.test_certification_evidence" name="test_block2_7_unauthorized_remote_rejected" time="0.012" /><testcase classname="tests.test_certification_evidence" name="test_block2_7_privilege_escalation_rejected" time="0.009" /><testcase classname="tests.test_certification_evidence" name="test_block2_7_credential_access_rejected" time="0.006" /><testcase classname="tests.test_certification_evidence" name="test_block2_7_security_control_modification_rejected" time="0.008" /><testcase classname="tests.test_certification_evidence" name="test_block2_7_directive_cannot_self_downgrade_risk" time="0.008" /><testcase classname="tests.test_certification_evidence" name="test_block2_7_critical_action_without_approval_blocked" time="0.010" /><testcase classname="tests.test_certification_evidence" name="test_block2_7_approval_bound_to_correct_directive" time="0.006" /><testcase classname="tests.test_certification_evidence" name="test_block2_7_approval_bound_to_exact_parameters" time="0.008" /><testcase classname="tests.test_certification_evidence" name="test_block2_7_modified_parameters_invalidate_approval" time="0.015" /><testcase classname="tests.test_certification_evidence" name="test_block2_7_approval_replay_rejected" time="0.009" /><testcase classname="tests.test_certification_evidence" name="test_block2_7_mutating_operation_cannot_be_labelled_read_only" time="0.007" /><testcase classname="tests.test_certification_evidence" name="test_block2_7_indeterminate_authorization_fails_closed" time="0.007" /><testcase classname="tests.test_certification_evidence" name="test_block2_7_stale_authorization_token_rejected" time="0.001" /><testcase classname="tests.test_certification_evidence" name="test_block2_7_complete_authorized_low_risk_path_succeeds" time="0.023" /><testcase classname="tests.test_certification_evidence" name="test_block2_7_complete_authorized_critical_path_succeeds_only_after_valid_human_approval" time="0.011" /><testcase classname="tests.test_certification_evidence" name="test_block2_8_critical_action_enters_waiting_human" time="0.111" /><testcase classname="tests.test_certification_evidence" name="test_block2_8_missing_approval_blocks_execution" time="0.007" /><testcase classname="tests.test_certification_evidence" name="test_block2_8_authorized_human_approval_succeeds" time="0.060" /><testcase classname="tests.test_certification_evidence" name="test_block2_8_unauthorized_approver_rejected" time="0.070" /><testcase classname="tests.test_certification_evidence" name="test_block2_8_self_approval_rejected" time="0.060" /><testcase classname="tests.test_certification_evidence" name="test_block2_8_unknown_decision_rejected" time="0.016" /><testcase classname="tests.test_certification_evidence" name="test_block2_8_expired_approval_rejected" time="0.055" /><testcase classname="tests.test_certification_evidence" name="test_block2_8_approval_expires_across_restart" time="0.080" /><testcase classname="tests.test_certification_evidence" name="test_block2_8_approved_action_can_be_revoked_before_execution" time="0.092" /><testcase classname="tests.test_certification_evidence" name="test_block2_8_revoked_approval_remains_revoked_after_restart" time="0.109" /><testcase classname="tests.test_certification_evidence" name="test_block2_8_revoked_approval_replay_rejected" time="0.076" /><testcase classname="tests.test_certification_evidence" name="test_block2_8_approval_is_single_use" time="0.086" /><testcase classname="tests.test_certification_evidence" name="test_block2_8_consumed_approval_replay_rejected" time="0.082" /><testcase classname="tests.test_certification_evidence" name="test_block2_8_approval_cannot_authorize_another_directive" time="0.053" /><testcase classname="tests.test_certification_evidence" name="test_block2_8_approval_cannot_authorize_changed_parameters" time="0.080" /><testcase classname="tests.test_certification_evidence" name="test_block2_8_approval_cannot_authorize_changed_target" time="0.070" /><testcase classname="tests.test_certification_evidence" name="test_block2_8_approval_cannot_authorize_changed_capability" time="0.046" /><testcase classname="tests.test_certification_evidence" name="test_block2_8_approval_cannot_authorize_changed_risk_classification" time="0.052" /><testcase classname="tests.test_certification_evidence" name="test_block2_8_notification_generated_on_WAITING_HUMAN" time="0.012" /><testcase classname="tests.test_certification_evidence" name="test_block2_8_notification_success_does_not_imply_approval" time="0.015" /><testcase classname="tests.test_certification_evidence" name="test_block2_8_notification_failure_blocks_execution" time="0.010" /><testcase classname="tests.test_certification_evidence" name="test_block2_8_notification_retry_does_not_duplicate_approval_request" time="0.011" /><testcase classname="tests.test_certification_evidence" name="test_block2_8_approval_state_survives_restart" time="0.086" /><testcase classname="tests.test_certification_evidence" name="test_block2_8_full_pre_exec_security_revalidation_occurs_after_approval" time="0.054" /><testcase classname="tests.test_certification_evidence" name="test_block2_8_approval_invalidated_by_changed_security_state" time="0.069" /><testcase classname="tests.test_certification_evidence" name="test_block2_8_broken_approval_audit_chain_detected" time="0.084" /><testcase classname="tests.test_certification_evidence" name="test_block2_8_illegal_approval_state_transition_rejected" time="0.058" /><testcase classname="tests.test_certification_evidence" name="test_block2_8_complete_approved_critical_path_executes_once" time="0.086" /><testcase classname="tests.test_certification_evidence" name="test_block2_8_rejected_human_decision_cannot_execute" time="0.073" /><testcase classname="tests.test_certification_evidence" name="test_block2_8_complete_non_critical_action_requires_no_human_approval" time="0.006" /><testcase classname="tests.test_certification_evidence" name="test_block2_9_healthy_watchdog_permits_eligible_execution" time="0.007" /><testcase classname="tests.test_certification_evidence" name="test_block2_9_unknown_health_blocks_execution" time="0.007" /><testcase classname="tests.test_certification_evidence" name="test_block2_9_stale_heartbeat_detected" time="0.007" /><testcase classname="tests.test_certification_evidence" name="test_block2_9_dead_worker_detected" time="0.007" /><testcase classname="tests.test_certification_evidence" name="test_block2_9_frozen_worker_detected" time="0.010" /><testcase classname="tests.test_certification_evidence" name="test_block2_9_critical_gate_failure_triggers_killswitch" time="0.015" /><testcase classname="tests.test_certification_evidence" name="test_block2_9_broken_audit_chain_triggers_killswitch" time="0.015" /><testcase classname="tests.test_certification_evidence" name="test_block2_9_crypto_failure_triggers_killswitch" time="0.015" /><testcase classname="tests.test_certification_evidence" name="test_block2_9_governance_failure_triggers_killswitch" time="0.014" /><testcase classname="tests.test_certification_evidence" name="test_block2_9_unauthorized_execution_triggers_killswitch" time="0.016" /><testcase classname="tests.test_certification_evidence" name="test_block2_9_new_claims_blocked_after_trigger" time="0.020" /><testcase classname="tests.test_certification_evidence" name="test_block2_9_new_authorization_blocked_after_trigger" time="0.014" /><testcase classname="tests.test_certification_evidence" name="test_block2_9_queued_directives_preserved" time="0.019" /><testcase classname="tests.test_certification_evidence" name="test_block2_9_active_execution_safely_halted" time="0.228" /><testcase classname="tests.test_certification_evidence" name="test_block2_9_unproven_completion_becomes_indeterminate" time="0.172" /><testcase classname="tests.test_certification_evidence" name="test_block2_9_directive_cannot_disable_killswitch" time="0.014" /><testcase classname="tests.test_certification_evidence" name="test_block2_9_restart_cannot_clear_killswitch" time="0.034" /><testcase classname="tests.test_certification_evidence" name="test_block2_9_human_emergency_stop_succeeds" time="0.029" /><testcase classname="tests.test_certification_evidence" name="test_block2_9_unauthorized_emergency_stop_actor_rejected" time="0.009" /><testcase classname="tests.test_certification_evidence" name="test_block2_9_unresolved_root_cause_blocks_recovery" time="0.023" /><testcase classname="tests.test_certification_evidence" name="test_block2_9_partial_recovery_rejected" time="0.044" /><testcase classname="tests.test_certification_evidence" name="test_block2_9_critical_recovery_requires_approval" time="0.043" /><testcase classname="tests.test_certification_evidence" name="test_block2_9_recovery_approval_bound_to_incident" time="0.041" /><testcase classname="tests.test_certification_evidence" name="test_block2_9_stale_recovery_approval_rejected" time="0.060" /><testcase classname="tests.test_certification_evidence" name="test_block2_9_full_recovery_revalidation_required" time="0.060" /><testcase classname="tests.test_certification_evidence" name="test_block2_9_failed_revalidation_blocks_resume" time="0.051" /><testcase classname="tests.test_certification_evidence" name="test_block2_9_safe_recovery_path_permits_resume" time="0.060" /><testcase classname="tests.test_certification_evidence" name="test_block2_9_incident_audit_tamper_detected" time="0.042" /><testcase classname="tests.test_certification_evidence" name="test_block2_9_notification_generated_on_critical_incident" time="0.011" /><testcase classname="tests.test_certification_evidence" name="test_block2_9_notification_failure_remains_fail_safe" time="0.012" /><testcase classname="tests.test_certification_evidence" name="test_block2_9_triggered_state_survives_restart" time="0.027" /><testcase classname="tests.test_certification_evidence" name="test_block2_9_indeterminate_state_survives_restart" time="0.051" /><testcase classname="tests.test_certification_evidence" name="test_block2_9_second_controller_blocked" time="0.030" /><testcase classname="tests.test_certification_evidence" name="test_block2_9_split_brain_detected" time="0.028" /><testcase classname="tests.test_certification_evidence" name="test_block2_9_self_reported_watchdog_health_cannot_certify" time="0.010" /><testcase classname="tests.test_certification_evidence" name="test_block2_9_complete_trigger_remediation_approved_recovery_safe_resume_path_succeeds" time="0.053" /><testcase classname="tests.test_certification_evidence" name="test_block2_10_certification_manifest_created" time="0.001" /><testcase classname="tests.test_certification_evidence" name="test_block2_10_certification_manifest_tamper_detected" time="0.001" /><testcase classname="tests.test_certification_evidence" name="test_block2_10_verified_baseline_fetches_fresh_state" time="0.140" /><testcase classname="tests.test_certification_evidence" name="test_block2_10_e2e_happy_path_noncritical_directive_succeeds" time="0.133" /><testcase classname="tests.test_certification_evidence" name="test_block2_10_e2e_happy_path_critical_directive_succeeds" time="0.238" /><testcase classname="tests.test_certification_evidence" name="test_block2_10_e2e_rejection_invalid_signature" time="0.001" /><testcase classname="tests.test_certification_evidence" name="test_block2_10_e2e_rejection_unauthorized_signer" time="0.001" /><testcase classname="tests.test_certification_evidence" name="test_block2_10_e2e_toctou_attack_detected" time="0.041" /><testcase classname="tests.test_certification_evidence" name="test_block2_10_e2e_governance_failure_blocked" time="0.002" /><testcase classname="tests.test_certification_evidence" name="test_block2_10_e2e_replay_attack_rejected" time="0.114" /><testcase classname="tests.test_certification_evidence" name="test_block2_10_e2e_concurrency_split_brain_blocked" time="0.027" /><testcase classname="tests.test_certification_evidence" name="test_block2_10_e2e_human_approval_failure_missing" time="0.010" /><testcase classname="tests.test_certification_evidence" name="test_block2_10_e2e_human_approval_failure_expired" time="0.057" /><testcase classname="tests.test_certification_evidence" name="test_block2_10_e2e_human_approval_failure_revoked" time="0.067" /><testcase classname="tests.test_certification_evidence" name="test_block2_10_e2e_human_approval_failure_consumed" time="0.083" /><testcase classname="tests.test_certification_evidence" name="test_block2_10_e2e_human_approval_failure_wrong_directive" time="0.048" /><testcase classname="tests.test_certification_evidence" name="test_block2_10_e2e_human_approval_failure_mutated_parameters" time="0.048" /><testcase classname="tests.test_certification_evidence" name="test_block2_10_e2e_killswitch_flow_triggered" time="0.014" /><testcase classname="tests.test_certification_evidence" name="test_block2_10_e2e_safe_recovery_flow_succeeds" time="0.054" /><testcase classname="tests.test_certification_evidence" name="test_block2_10_failure_injection_matrix_all_fail_closed" time="0.008" /><testcase classname="tests.test_certification_evidence" name="test_block2_10_adversarial_inspection_no_bypass_paths" time="0.001" /><testcase classname="tests.test_certification_evidence" name="test_block2_10_real_and_simulated_evidence_distinguished" time="0.002" /><testcase classname="tests.test_certification_evidence" name="test_block2_10_audit_chain_reconciliation_succeeds" time="0.014" /><testcase classname="tests.test_certification_evidence" name="test_block2_10_certification_reproducible" time="0.002" /><testcase classname="tests.test_certification_evidence" name="test_block2_10_fresh_final_remote_verification" time="0.001" /><testcase classname="tests.test_certification_evidence" name="test_block2_10_e2e_noncritical_preexec_revalidation" time="0.150" /><testcase classname="tests.test_certification_evidence" name="test_block2_10_e2e_critical_notification_delivery" time="0.294" /><testcase classname="tests.test_certification_evidence" name="test_block2_10_e2e_critical_approval_consumption" time="0.235" /><testcase classname="tests.test_certification_evidence" name="test_block2_10_e2e_invalid_signature_blocks_queue" time="0.006" /><testcase classname="tests.test_certification_evidence" name="test_block2_10_e2e_unauthorized_signer_blocks_authorization" time="0.006" /><testcase classname="tests.test_certification_evidence" name="test_block2_10_e2e_toctou_mutation_blocks_execution" time="0.040" /><testcase classname="tests.test_certification_evidence" name="test_block2_10_e2e_replay_blocks_duplicate_dispatch" time="0.118" /><testcase classname="tests.test_certification_evidence" name="test_block2_10_e2e_split_brain_blocks_second_controller" time="0.021" /><testcase classname="tests.test_certification_evidence" name="test_block2_10_e2e_killswitch_freezes_executing_queue" time="0.012" /><testcase classname="tests.test_certification_evidence" name="test_block2_10_e2e_killswitch_survives_process_restart" time="0.022" /><testcase classname="tests.test_certification_evidence" name="test_block2_10_e2e_recovery_requires_root_cause" time="0.012" /><testcase classname="tests.test_certification_evidence" name="test_block2_10_e2e_recovery_requires_revalidation" time="0.032" /><testcase classname="tests.test_certification_evidence" name="test_block2_10_cross_ledger_no_orphans" time="0.008" /><testcase classname="tests.test_certification_evidence" name="test_block2_10_deterministic_security_decisions" time="0.001" /><testcase classname="tests.test_certification_evidence" name="test_block2_10_complete_certified_pass_derivation" time="0.001" /><testcase classname="tests.test_certification_evidence" name="test_2_10r_direct_critical_true_assignment_detected" time="0.008" /><testcase classname="tests.test_certification_evidence" name="test_2_10r_dict_critical_true_detected" time="0.009" /><testcase classname="tests.test_certification_evidence" name="test_2_10r_trusted_head_signature_cannot_be_hardcoded" time="0.009" /><testcase classname="tests.test_certification_evidence" name="test_2_10r_implementation_reachability_cannot_be_hardcoded" time="0.009" /><testcase classname="tests.test_certification_evidence" name="test_2_10r_passed_test_cannot_imply_current_remote_protection" time="0.008" /><testcase classname="tests.test_certification_evidence" name="test_2_10r_unprotected_github_main_fails" time="0.008" /><testcase classname="tests.test_certification_evidence" name="test_2_10r_missing_github_protection_evidence_fails" time="0.006" /><testcase classname="tests.test_certification_evidence" name="test_2_10r_stale_github_evidence_fails" time="0.009" /><testcase classname="tests.test_certification_evidence" name="test_2_10r_malformed_github_governance_response_fails" time="0.014" /><testcase classname="tests.test_certification_evidence" name="test_2_10r_no_required_status_checks_fails" time="0.007" /><testcase classname="tests.test_certification_evidence" name="test_2_10r_unrestricted_bypass_fails" time="0.010" /><testcase classname="tests.test_certification_evidence" name="test_2_10r_force_push_allowed_fails" time="0.009" /><testcase classname="tests.test_certification_evidence" name="test_2_10r_unsigned_current_head_fails" time="0.145" /><testcase classname="tests.test_certification_evidence" name="test_2_10r_signed_authorized_head_succeeds" time="0.144" /><testcase classname="tests.test_certification_evidence" name="test_2_10r_signed_unauthorized_head_fails" time="0.116" /><testcase classname="tests.test_certification_evidence" name="test_2_10r_signed_ancestor_and_unsigned_current_head_fails" time="0.126" /><testcase classname="tests.test_certification_evidence" name="test_2_10r_evidence_publication_self_reference_not_required" time="0.063" /><testcase classname="tests.test_certification_evidence" name="test_2_10r_evidence_only_publication_commit_accepted" time="0.091" /><testcase classname="tests.test_certification_evidence" name="test_2_10r_runtime_mutation_after_test_invalidates_certification" time="0.076" /><testcase classname="tests.test_certification_evidence" name="test_2_10r_security_code_mutation_after_test_invalidates_certification" time="0.072" /><testcase classname="tests.test_certification_evidence" name="test_2_10r_final_publication_commit_must_be_signed" time="0.133" /><testcase classname="tests.test_certification_evidence" name="test_2_10r_stale_previous_certification_cannot_authorize_new_run" time="0.028" /><testcase classname="tests.test_certification_evidence" name="test_2_10r_current_run_evidence_mismatch_fails" time="0.001" /><testcase classname="tests.test_certification_evidence" name="test_2_10r_fake_remote_governance_fixture_cannot_certify_real_state" time="0.010" /><testcase classname="tests.test_certification_evidence" name="test_2_10r_execution_evidence_must_reconcile_three_sources" time="0.117" /><testcase classname="tests.test_certification_evidence" name="test_2_10r_missing_execution_evidence_fails" time="0.004" /><testcase classname="tests.test_certification_evidence" name="test_2_10r_corrupted_execution_evidence_fails" time="0.020" /><testcase classname="tests.test_certification_evidence" name="test_2_10r_critical_field_without_source_evidence_fails" time="0.006" /><testcase classname="tests.test_certification_evidence" name="test_2_10r_critical_field_with_stale_source_evidence_fails" time="0.007" /><testcase classname="tests.test_certification_evidence" name="test_2_10r_complete_remediating_certification_succeeds" time="0.036" /><testcase classname="tests.test_certification_evidence" name="test_2_10r_1a_api_unavailable_governance_fails" time="0.038" /><testcase classname="tests.test_certification_evidence" name="test_2_10r_1a_empty_api_response_fails" time="0.053" /><testcase classname="tests.test_certification_evidence" name="test_2_10r_1a_ls_remote_success_alone_fails_governance" time="0.039" /><testcase classname="tests.test_certification_evidence" name="test_2_10r_1a_synthetic_true_fallback_prohibited_and_zero" time="8.107" /><testcase classname="tests.test_certification_evidence" name="test_2_10r_1a_stale_api_evidence_rejected" time="0.025" /><testcase classname="tests.test_certification_evidence" name="test_2_10r_1a_malformed_api_evidence_rejected" time="0.025" /><testcase classname="tests.test_certification_evidence" name="test_2_10r_1a_real_protection_response_derives_expected_fields" time="0.047" /><testcase classname="tests.test_certification_evidence" name="test_2_10r_1a_real_unprotected_response_derives_fail" time="0.035" /><testcase classname="tests.test_certification_evidence" name="test_2_10r_1b_r3_direct_push_restricted_true_derives_uncontrolled_push_rejected" time="0.044" /><testcase classname="tests.test_certification_evidence" name="test_2_10r_1b_r3_direct_push_restricted_false_fails_governance" time="0.036" /><testcase classname="tests.test_certification_evidence" name="test_2_10r_1c_provenance_roles_distinct_and_reconciled" time="1.350" /><testcase classname="tests.test_certification_evidence" name="test_2_10r_1c_anti_self_referential_sha_enforced" time="0.032" /><testcase classname="tests.test_certification_evidence" name="test_2_10r_1c_worktree_cleanliness_required" time="0.040" /><testcase classname="tests.test_certification_evidence" name="test_2_10r_1c_prerequisites_1a_1b_reverified" time="0.032" /><testcase classname="tests.test_certification_evidence" name="test_2_10r_1c_code_under_test_freeze_mutation_invalidates" time="0.025" /><testcase classname="tests.test_certification_evidence" name="test_2_10r_1c_stale_sha_fails_closed" time="0.010" /><testcase classname="tests.test_certification_evidence" name="test_2_10r_1c_missing_remote_ci_run_fails_closed" time="0.100" /><testcase classname="tests.test_certification_evidence" name="test_2_10r_1c_separate_control_03_authorization_derivation" time="0.080" /><testcase classname="tests.test_certification_evidence" name="test_2_10r_1c_functional_and_adversarial_reviews_required" time="0.064" /><testcase classname="tests.test_certification_evidence" name="test_2_10r_1c_ruleset_non_mutation_enforced" time="0.033" /><testcase classname="tests.test_certification_evidence" name="test_2_10r_1c_uncontrolled_direct_push_rejection_verified" time="0.044" /><testcase classname="tests.test_certification_evidence" name="test_2_10r_1c_signed_final_head_reachability_verified" time="0.030" /><testcase classname="tests.test_certification_evidence" name="test_2_10r_1c_post_merge_evidence_reconciled" time="0.035" /><testcase classname="tests.test_certification_evidence" name="test_2_10r_1c_r1_block_1b_cannot_auto_certify_1c" time="0.031" /><testcase classname="tests.test_certification_evidence" name="test_2_10r_1c_r1_hardcoded_worktree_clean_detected" time="0.038" /><testcase classname="tests.test_certification_evidence" name="test_2_10r_1c_r1_hardcoded_review_pass_detected" time="0.031" /><testcase classname="tests.test_certification_evidence" name="test_2_10r_1c_r1_hardcoded_certified_pass_detected" time="0.042" /><testcase classname="tests.test_certification_evidence" name="test_2_10r_1c_r1_hardcoded_c03_authorized_detected" time="0.051" /><testcase classname="tests.test_certification_evidence" name="test_2_10r_1c_r1_squash_merge_ancestry_rejection" time="1.139" /><testcase classname="tests.test_certification_evidence" name="test_2_10r_1c_r1_non_ancestor_test_evidence_sha_rejection" time="1.130" /><testcase classname="tests.test_certification_evidence" name="test_2_10r_1c_r1_stale_code_under_test_sha_rejection" time="0.894" /><testcase classname="tests.test_certification_evidence" name="test_2_10r_1c_r2_tracked_junit_modification_fails_worktree_clean" time="1.239" /><testcase classname="tests.test_certification_evidence" name="test_2_10r_1c_r2_tracked_governance_evidence_modification_fails_worktree_clean" time="0.968" /><testcase classname="tests.test_certification_evidence" name="test_2_10r_1c_r2_tracked_crypto_evidence_modification_fails_worktree_clean" time="0.950" /><testcase classname="tests.test_certification_evidence" name="test_2_10r_1c_r2_tracked_directive_status_modification_fails_worktree_clean" time="0.970" /><testcase classname="tests.test_certification_evidence" name="test_2_10r_1c_r2_untracked_non_ignored_file_fails_worktree_clean" time="0.872" /><testcase classname="tests.test_certification_evidence" name="test_2_10r_1c_r2_genuinely_clean_repository_passes_worktree_clean" time="1.486" /><testcase classname="tests.test_certification_evidence" name="test_2_10r_1c_r2_post_freeze_source_mutation_invalidates_certification" time="0.977" /><testcase classname="tests.test_certification_evidence" name="test_2_10r_1c_r2_final_non_evidence_tree_must_equal_code_under_test_tree" time="1.089" /><testcase classname="tests.test_certification_evidence" name="test_2_10r_1c_r2_1_invalid_final_signature_fails" time="0.281" /><testcase classname="tests.test_certification_evidence" name="test_2_10r_1c_r2_1_unauthorized_final_signer_fails" time="0.235" /><testcase classname="tests.test_certification_evidence" name="test_2_10r_1c_r2_1_remote_head_change_after_verification_fails_stale" time="0.930" /><testcase classname="tests.test_certification_evidence" name="test_2_10r_1c_r2_1_src_directive_file_changes_after_freeze_fails" time="1.167" /><testcase classname="tests.test_certification_evidence" name="test_2_10r_1c_r2_1_arbitrary_non_evidence_source_file_changes_fails" time="1.121" /><testcase classname="tests.test_certification_evidence" name="test_2_10r_1c_r2_1_evidence_only_reports_and_state_changes_allowed" time="0.049" /><testcase classname="tests.test_certification_evidence" name="test_control_03_precondition_failure_blocks_control_03" time="2.165" /><testcase classname="tests.test_certification_evidence" name="test_control_03_external_service_mutation_forbidden" time="0.885" /><testcase classname="tests.test_certification_evidence" name="test_control_03r_1_agents_md_modification_after_freeze_fails_certification" time="0.974" /><testcase classname="tests.test_certification_evidence" name="test_control_03_invalid_block_identifiers_rejected[CONTROL-03-FAKE]" time="1.047" /><testcase classname="tests.test_certification_evidence" name="test_control_03_invalid_block_identifiers_rejected[CONTROL-030]" time="1.259" /><testcase classname="tests.test_certification_evidence" name="test_control_03_invalid_block_identifiers_rejected[CONTROL-03R.1-FAKE]" time="1.136" /><testcase classname="tests.test_certification_evidence" name="test_control_03_invalid_block_identifiers_rejected[CONTROL-04]" time="1.183" /><testcase classname="tests.test_certification_evidence" name="test_derive_control_04_missing_red_team_files_fails" time="1.296" /><testcase classname="tests.test_certification_evidence" name="test_derive_control_04_critical_bypasses_or_tampered_ledger_fails" time="1.143" /><testcase classname="tests.test_certification_evidence" name="test_derive_control_04_harness_error_fails_campaign" time="1.228" /><testcase classname="tests.test_contradictions" name="test_micro_contradiction_with_running_process" time="0.002" /><testcase classname="tests.test_contradictions" name="test_stopped_watcher_when_not_expected_does_not_block" time="0.002" /><testcase classname="tests.test_directive_channel" name="test_valid_directive_accepted" time="1.429" /><testcase classname="tests.test_directive_channel" name="test_schema_invalid_rejected" time="0.127" /><testcase classname="tests.test_directive_channel" name="test_unknown_action_rejected" time="1.406" /><testcase classname="tests.test_directive_channel" name="test_expired_directive_rejected" time="1.522" /><testcase classname="tests.test_directive_channel" name="test_future_clock_skew_rejected" time="1.476" /><testcase classname="tests.test_directive_channel" name="test_wrong_repository_rejected" time="0.150" /><testcase classname="tests.test_directive_channel" name="test_wrong_branch_rejected" time="0.159" /><testcase classname="tests.test_directive_channel" name="test_missing_commit_rejected" time="0.166" /><testcase classname="tests.test_directive_channel" name="test_content_mismatch_rejected" time="1.464" /><testcase classname="tests.test_directive_channel" name="test_replay_directive_rejected" time="1.771" /><testcase classname="tests.test_directive_channel" name="test_replay_survives_restart" time="1.615" /><testcase classname="tests.test_directive_channel" name="test_human_required_waiting_state" time="1.476" /><testcase classname="tests.test_directive_channel" name="test_disallowed_destructive_action_rejected" time="1.482" /><testcase classname="tests.test_directive_channel" name="test_real_money_directive_rejected_or_waiting_human" time="1.320" /><testcase classname="tests.test_directive_channel" name="test_directive_ack_generated" time="1.726" /><testcase classname="tests.test_directive_channel" name="test_directive_never_executes_target_mutation" time="1.508" /><testcase classname="tests.test_directive_channel" name="test_oracle_remains_unmodified" time="0.002" /><testcase classname="tests.test_directive_channel" name="test_micro_remains_unmodified" time="0.004" /><testcase classname="tests.test_directive_channel" name="test_single_daemon_still_enforced" time="1.186" /><testcase classname="tests.test_directive_channel" name="test_directive_watcher_does_not_spawn_second_daemon" time="1.011" /><testcase classname="tests.test_directive_channel" name="test_fail_closed_on_github_unavailable" time="0.254" /><testcase classname="tests.test_directive_channel" name="test_fail_closed_on_malformed_json" time="0.162" /><testcase classname="tests.test_directive_channel" name="test_provenance_fields_present" time="1.583" /><testcase classname="tests.test_directive_channel" name="test_commit_exists_but_directive_absent_rejected" time="1.408" /><testcase classname="tests.test_directive_channel" name="test_directive_commit_not_reachable_from_main_rejected" time="0.232" /><testcase classname="tests.test_directive_channel" name="test_real_committed_content_mismatch_rejected" time="1.340" /><testcase classname="tests.test_directive_channel" name="test_local_modified_copy_cannot_authenticate" time="1.318" /><testcase classname="tests.test_directive_channel" name="test_exact_committed_blob_authenticates" time="1.635" /><testcase classname="tests.test_directive_channel" name="test_waiting_human_survives_second_poll" time="1.699" /><testcase classname="tests.test_directive_channel" name="test_waiting_human_survives_restart" time="1.623" /><testcase classname="tests.test_directive_channel" name="test_waiting_human_not_classified_as_replay" time="1.789" /><testcase classname="tests.test_directive_channel" name="test_duplicate_submission_of_waiting_human_is_rejected" time="1.848" /><testcase classname="tests.test_directive_channel" name="test_accepted_queue_survives_restart" time="2.267" /><testcase classname="tests.test_directive_channel" name="test_accepted_item_not_lost_after_restart" time="1.635" /><testcase classname="tests.test_directive_channel" name="test_restart_does_not_requeue_duplicate" time="1.514" /><testcase classname="tests.test_directive_channel" name="test_queue_and_replay_ledger_consistent" time="1.414" /><testcase classname="tests.test_directive_channel" name="test_channel_status_reconstructed_after_restart" time="2.919" /><testcase classname="tests.test_directive_channel" name="test_queue_fsync_persistence_verified" time="0.071" /><testcase classname="tests.test_directive_channel" name="test_queue_corrupted_after_restart_fail_closed" time="0.046" /><testcase classname="tests.test_directive_channel" name="test_queue_integrity_after_restart" time="0.048" /><testcase classname="tests.test_directive_crypto_real" name="test_real_unsigned_commit_rejected" time="2.449" /><testcase classname="tests.test_directive_crypto_real" name="test_real_valid_trusted_signed_commit_accepted" time="3.429" /><testcase classname="tests.test_directive_crypto_real" name="test_real_valid_untrusted_signed_commit_rejected" time="2.957" /><testcase classname="tests.test_directive_crypto_real" name="test_real_invalid_signature_rejected" time="3.064" /><testcase classname="tests.test_directive_crypto_real" name="test_author_spoof_cannot_authorize" time="2.107" /><testcase classname="tests.test_directive_crypto_real" name="test_envelope_self_attestation_cannot_authorize" time="2.315" /><testcase classname="tests.test_directive_hardening" name="test_real_remote_unavailable_fail_closed" time="0.085" /><testcase classname="tests.test_directive_hardening" name="test_local_head_valid_but_remote_down_fail_closed" time="0.098" /><testcase classname="tests.test_directive_hardening" name="test_local_only_commit_rejected" time="0.082" /><testcase classname="tests.test_directive_hardening" name="test_unsigned_commit_rejected" time="1.531" /><testcase classname="tests.test_directive_hardening" name="test_signed_trusted_commit_accepted" time="1.341" /><testcase classname="tests.test_directive_hardening" name="test_signed_untrusted_commit_rejected" time="1.508" /><testcase classname="tests.test_directive_hardening" name="test_envelope_self_attestation_bypass_rejected" time="1.393" /><testcase classname="tests.test_directive_hardening" name="test_blob_absent_from_commit_but_in_worktree_rejected" time="1.122" /><testcase classname="tests.test_directive_hardening" name="test_queue_corrupted_after_restart_fail_closed" time="0.017" /><testcase classname="tests.test_directive_hardening" name="test_queue_integrity_after_restart" time="0.049" /><testcase classname="tests.test_directive_hardening" name="test_toctou_hash_mismatch_blocks_execution" time="1.636" /><testcase classname="tests.test_directive_hardening" name="test_remote_head_change_between_auth_and_execution" time="0.116" /><testcase classname="tests.test_directive_hardening" name="test_valid_directive_e2e_accepted" time="0.027" /><testcase classname="tests.test_directive_hardening" name="test_tampered_payload_rejected" time="1.286" /><testcase classname="tests.test_directive_hardening" name="test_wrong_sha256_rejected" time="1.560" /><testcase classname="tests.test_directive_hardening" name="test_wrong_blob_sha_rejected" time="1.255" /><testcase classname="tests.test_directive_hardening" name="test_invalid_signature_rejected" time="1.117" /><testcase classname="tests.test_directive_hardening" name="test_toctou_revalidation_executes_auth_meta_branch" time="0.004" /><testcase classname="tests.test_fail_closed" name="test_missing_evidence_defaults_to_unknown" time="0.003" /><testcase classname="tests.test_fail_closed" name="test_stale_declaration_never_infers_running" time="0.005" /><testcase classname="tests.test_git" name="test_git_observer_nonexistent_repo" time="0.014" /><testcase classname="tests.test_git" name="test_remote_branch_verification_exact_ref" time="0.023" /><testcase classname="tests.test_git" name="test_read_only_git_environment_passed" time="0.097" /><testcase classname="tests.test_heartbeat" name="test_fresh_heartbeat" time="0.003" /><testcase classname="tests.test_heartbeat" name="test_stale_heartbeat" time="0.002" /><testcase classname="tests.test_heartbeat" name="test_missing_heartbeat" time="0.001" /><testcase classname="tests.test_idle_and_completed" name="test_human_decision_required" time="0.005" /><testcase classname="tests.test_idle_and_completed" name="test_project_completed" time="0.004" /><testcase classname="tests.test_idle_and_completed" name="test_project_idle_valid" time="0.004" /><testcase classname="tests.test_malformed_and_skew" name="test_malformed_json_evidence" time="0.004" /><testcase classname="tests.test_malformed_and_skew" name="test_future_clock_skew" time="0.003" /><testcase classname="tests.test_process" name="test_process_alive_detection" time="0.002" /><testcase classname="tests.test_process" name="test_process_dead_detection" time="0.002" /><testcase classname="tests.test_process" name="test_integration_dead_expected_process" time="0.087" /><testcase classname="tests.test_process" name="test_unexpected_process_running" time="0.009" /><testcase classname="tests.test_read_only_integrity" name="test_disallowed_git_commands_blocked" time="0.016" /><testcase classname="tests.test_read_only_integrity" name="test_read_only_file_access" time="0.015" /><testcase classname="tests.test_read_only_integrity" name="test_isolated_fixture_immutability" time="0.018" /><testcase classname="tests.test_recovery_engine" name="test_functional_safe_retry_on_recoverable_failure" time="0.137" /><testcase classname="tests.test_recovery_engine" name="test_functional_recovery_from_valid_checkpoint" time="0.119" /><testcase classname="tests.test_recovery_engine" name="test_functional_internal_restart_preserves_canonical_state" time="0.096" /><testcase classname="tests.test_recovery_engine" name="test_functional_integrity_verified_before_continuation" time="0.144" /><testcase classname="tests.test_recovery_engine" name="test_functional_successful_recovery_no_duplicate_execution" time="0.220" /><testcase classname="tests.test_recovery_engine" name="test_functional_failed_recovery_escalates_to_human" time="0.027" /><testcase classname="tests.test_recovery_engine" name="test_functional_audit_ledger_preserves_full_sequence" time="0.265" /><testcase classname="tests.test_recovery_engine" name="test_functional_watchdog_killswitch_supreme_authority" time="0.020" /><testcase classname="tests.test_recovery_engine" name="test_adversarial_infinite_retry_storm_blocked" time="0.140" /><testcase classname="tests.test_recovery_engine" name="test_adversarial_corrupt_checkpoint_fails_closed" time="0.045" /><testcase classname="tests.test_recovery_engine" name="test_adversarial_tampered_checkpoint_signature_fails_closed" time="0.096" /><testcase classname="tests.test_recovery_engine" name="test_adversarial_stale_checkpoint_timestamp_fails_closed" time="0.050" /><testcase classname="tests.test_recovery_engine" name="test_adversarial_replay_attack_after_restart_blocked" time="0.014" /><testcase classname="tests.test_recovery_engine" name="test_adversarial_duplicate_execution_attempt_blocked" time="0.125" /><testcase classname="tests.test_recovery_engine" name="test_adversarial_crash_during_recovery_escalates_safely" time="0.012" /><testcase classname="tests.test_recovery_engine" name="test_adversarial_partial_recovery_state_rejected" time="0.070" /><testcase classname="tests.test_recovery_engine" name="test_adversarial_split_brain_secondary_instance_blocked" time="0.010" /><testcase classname="tests.test_recovery_engine" name="test_adversarial_bypass_human_required_blocked" time="0.012" /><testcase classname="tests.test_recovery_engine" name="test_adversarial_bypass_capability_policy_blocked" time="0.014" /><testcase classname="tests.test_recovery_engine" name="test_adversarial_bypass_killswitch_blocked" time="0.011" /><testcase classname="tests.test_recovery_engine" name="test_adversarial_altered_audit_trail_fails_integrity" time="0.098" /><testcase classname="tests.test_recovery_engine" name="test_adversarial_oracle_micro_service_mutation_blocked" time="0.015" /><testcase classname="tests.test_red_team_engine" name="test_attack_family_a_unsigned_directive" time="0.003" /><testcase classname="tests.test_red_team_engine" name="test_attack_family_a_invalid_signature_and_spoofing" time="0.002" /><testcase classname="tests.test_red_team_engine" name="test_attack_family_b_stale_head_and_sha_substitution" time="0.002" /><testcase classname="tests.test_red_team_engine" name="test_attack_family_c_payload_mutation_post_authentication" time="0.003" /><testcase classname="tests.test_red_team_engine" name="test_attack_family_d_duplicate_directive_replay" time="0.002" /><testcase classname="tests.test_red_team_engine" name="test_attack_family_e_command_injection_and_path_traversal" time="0.002" /><testcase classname="tests.test_red_team_engine" name="test_attack_family_e_wildcard_capability_escalation" time="0.003" /><testcase classname="tests.test_red_team_engine" name="test_attack_family_f_self_approval_and_expired_approval" time="0.004" /><testcase classname="tests.test_red_team_engine" name="test_attack_family_g_killswitch_override_attempt" time="0.002" /><testcase classname="tests.test_red_team_engine" name="test_attack_family_h_recovery_engine_corrupt_checkpoint" time="0.126" /><testcase classname="tests.test_red_team_engine" name="test_attack_family_h_recovery_loop_and_retry_storm" time="0.504" /><testcase classname="tests.test_red_team_engine" name="test_attack_family_i_hardcoded_pass_and_fake_control_identifier" time="0.005" /><testcase classname="tests.test_red_team_engine" name="test_attack_family_j_oracle_ai_mutation_attempt" time="0.017" /><testcase classname="tests.test_red_team_engine" name="test_attack_family_j_micro_market_oracle_process_restart_attempt" time="0.014" /><testcase classname="tests.test_red_team_engine" name="test_red_team_audit_ledger_tamper_evidence" time="0.028" /><testcase classname="tests.test_red_team_engine" name="test_unexpected_attack_exception_is_harness_error[exception0]" time="0.010" /><testcase classname="tests.test_red_team_engine" name="test_unexpected_attack_exception_is_harness_error[exception1]" time="0.004" /><testcase classname="tests.test_red_team_engine" name="test_unexpected_attack_exception_is_harness_error[exception2]" time="0.005" /><testcase classname="tests.test_red_team_engine" name="test_explicit_security_rejection_is_blocked" time="0.003" /><testcase classname="tests.test_red_team_engine" name="test_successful_unauthorized_return_is_bypass" time="0.003" /><testcase classname="tests.test_red_team_engine" name="test_any_harness_error_fails_campaign" time="0.002" /><testcase classname="tests.test_remote_publication" name="test_commit_storm_prevention" time="29.468" /><testcase classname="tests.test_restart" name="test_control_plane_restart_and_audit" time="27.811" /><testcase classname="tests.test_single_instance" name="test_single_instance_lock_acquisition" time="0.042" /><testcase classname="tests.test_single_instance" name="test_second_daemon_is_rejected" time="0.039" /><testcase classname="tests.test_single_instance" name="test_stale_daemon_lock_recovery" time="0.016" /><testcase classname="tests.test_single_instance" name="test_monitored_processes_never_terminated" time="12.780" /><testcase classname="tests.test_static_adversarial_scan" name="test_zero_hardcoded_signature_bypasses" time="0.026" /><testcase classname="tests.test_static_adversarial_scan" name="test_production_allowlist_contains_zero_placeholders" time="0.004" /></testsuite></testsuites>