<?xml version="1.0" encoding="utf-8"?><testsuites name="pytest tests"><testsuite name="pytest" errors="0" failures="0" skipped="0" tests="28" time="105.802" timestamp="2026-08-18T16:22:19.968601-04:00" hostname="DESKTOP-8V7RA5K"><testcase classname="tests.test_contradictions" name="test_micro_contradiction_with_running_process" time="0.005" /><testcase classname="tests.test_contradictions" name="test_stopped_watcher_when_not_expected_does_not_block" time="0.003" /><testcase classname="tests.test_fail_closed" name="test_missing_evidence_defaults_to_unknown" time="0.002" /><testcase classname="tests.test_fail_closed" name="test_stale_declaration_never_infers_running" time="0.002" /><testcase classname="tests.test_git" name="test_git_observer_nonexistent_repo" time="0.079" /><testcase classname="tests.test_git" name="test_remote_branch_verification_exact_ref" time="0.013" /><testcase classname="tests.test_git" name="test_read_only_git_environment_passed" time="0.147" /><testcase classname="tests.test_heartbeat" name="test_fresh_heartbeat" time="0.002" /><testcase classname="tests.test_heartbeat" name="test_stale_heartbeat" time="0.001" /><testcase classname="tests.test_heartbeat" name="test_missing_heartbeat" time="0.002" /><testcase classname="tests.test_idle_and_completed" name="test_human_decision_required" time="0.001" /><testcase classname="tests.test_idle_and_completed" name="test_project_completed" time="0.002" /><testcase classname="tests.test_idle_and_completed" name="test_project_idle_valid" time="0.003" /><testcase classname="tests.test_malformed_and_skew" name="test_malformed_json_evidence" time="0.001" /><testcase classname="tests.test_malformed_and_skew" name="test_future_clock_skew" time="0.001" /><testcase classname="tests.test_process" name="test_process_alive_detection" time="0.001" /><testcase classname="tests.test_process" name="test_process_dead_detection" time="0.002" /><testcase classname="tests.test_process" name="test_integration_dead_expected_process" time="3.794" /><testcase classname="tests.test_process" name="test_unexpected_process_running" time="0.009" /><testcase classname="tests.test_read_only_integrity" name="test_disallowed_git_commands_blocked" time="0.011" /><testcase classname="tests.test_read_only_integrity" name="test_read_only_file_access" time="0.015" /><testcase classname="tests.test_read_only_integrity" name="test_isolated_fixture_immutability" time="0.016" /><testcase classname="tests.test_remote_publication" name="test_commit_storm_prevention" time="55.799" /><testcase classname="tests.test_restart" name="test_control_plane_restart_and_audit" time="30.560" /><testcase classname="tests.test_single_instance" name="test_single_instance_lock_acquisition" time="0.050" /><testcase classname="tests.test_single_instance" name="test_second_daemon_is_rejected" time="0.024" /><testcase classname="tests.test_single_instance" name="test_stale_daemon_lock_recovery" time="0.021" /><testcase classname="tests.test_single_instance" name="test_monitored_processes_never_terminated" time="14.918" /></testsuite></testsuites>